This is pdfTeX, Version 3.141592653-2.6-1.40.26 (MiKTeX 24.4) (preloaded format=pdflatex 2024.6.26)  19 DEC 2024 16:28
entering extended mode
 restricted \write18 enabled.
 file:line:error style messages enabled.
 %&-line parsing enabled.
**"e:/NU Staff/Thesis - GIT/Markov Random Field/MRF.tex"
(e:/NU Staff/Thesis - GIT/Markov Random Field/MRF.tex
LaTeX2e <2024-06-01> patch level 1
L3 programming layer <2024-05-27>
(C:\Users\nunic\AppData\Local\Programs\MiKTeX\tex/latex/base\article.cls
Document Class: article 2024/02/08 v1.4n Standard LaTeX document class
(C:\Users\nunic\AppData\Local\Programs\MiKTeX\tex/latex/base\size10.clo
File: size10.clo 2024/02/08 v1.4n Standard LaTeX file (size option)
)
\c@part=\count194
\c@section=\count195
\c@subsection=\count196
\c@subsubsection=\count197
\c@paragraph=\count198
\c@subparagraph=\count199
\c@figure=\count266
\c@table=\count267
\abovecaptionskip=\skip49
\belowcaptionskip=\skip50
\bibindent=\dimen141
) (aaai23.sty
Package: aaai23 2023/06/27 AAAI 2023 Submission format

Conference Style for AAAI for LaTeX 2e -- version for submission
\titlebox=\skip51
) (C:\Users\nunic\AppData\Local\Programs\MiKTeX\tex/latex/psnfss\times.sty
Package: times 2020/03/25 PSNFSS-v9.3 (SPQR) 
) (C:\Users\nunic\AppData\Local\Programs\MiKTeX\tex/latex/psnfss\helvet.sty
Package: helvet 2020/03/25 PSNFSS-v9.3 (WaS) 
 (C:\Users\nunic\AppData\Local\Programs\MiKTeX\tex/latex/graphics\keyval.sty
Package: keyval 2022/05/29 v1.15 key=value parser (DPC)
\KV@toks@=\toks17
)) (C:\Users\nunic\AppData\Local\Programs\MiKTeX\tex/latex/psnfss\courier.sty
Package: courier 2020/03/25 PSNFSS-v9.3 (WaS) 
) (C:\Users\nunic\AppData\Local\Programs\MiKTeX\tex/latex/url\url.sty
\Urlmuskip=\muskip17
Package: url 2013/09/16  ver 3.4  Verb mode for urls, etc.
) (C:\Users\nunic\AppData\Local\Programs\MiKTeX\tex/latex/graphics\graphicx.sty
Package: graphicx 2021/09/16 v1.2d Enhanced LaTeX Graphics (DPC,SPQR)
 (C:\Users\nunic\AppData\Local\Programs\MiKTeX\tex/latex/graphics\graphics.sty
Package: graphics 2024/05/23 v1.4g Standard LaTeX Graphics (DPC,SPQR)
 (C:\Users\nunic\AppData\Local\Programs\MiKTeX\tex/latex/graphics\trig.sty
Package: trig 2023/12/02 v1.11 sin cos tan (DPC)
) (C:\Users\nunic\AppData\Local\Programs\MiKTeX\tex/latex/graphics-cfg\graphics.cfg
File: graphics.cfg 2016/06/04 v1.11 sample graphics configuration
)
Package graphics Info: Driver file: pdftex.def on input line 106.
 (C:\Users\nunic\AppData\Local\Programs\MiKTeX\tex/latex/graphics-def\pdftex.def
File: pdftex.def 2024/04/13 v1.2c Graphics/color driver for pdftex
))
\Gin@req@height=\dimen142
\Gin@req@width=\dimen143
) (C:\Users\nunic\AppData\Local\Programs\MiKTeX\tex/latex/natbib\natbib.sty
Package: natbib 2010/09/13 8.31b (PWD, AO)
\bibhang=\skip52
\bibsep=\skip53
LaTeX Info: Redefining \cite on input line 694.
\c@NAT@ctr=\count268
) (C:\Users\nunic\AppData\Local\Programs\MiKTeX\tex/latex/caption\caption.sty
Package: caption 2023/08/05 v3.6o Customizing captions (AR)
 (C:\Users\nunic\AppData\Local\Programs\MiKTeX\tex/latex/caption\caption3.sty
Package: caption3 2023/07/31 v2.4d caption3 kernel (AR)
\caption@tempdima=\dimen144
\captionmargin=\dimen145
\caption@leftmargin=\dimen146
\caption@rightmargin=\dimen147
\caption@width=\dimen148
\caption@indent=\dimen149
\caption@parindent=\dimen150
\caption@hangindent=\dimen151
Package caption Info: Standard document class detected.
)
\c@caption@flags=\count269
\c@continuedfloat=\count270
) (C:\Users\nunic\AppData\Local\Programs\MiKTeX\tex/latex/algorithms\algorithm.sty
Package: algorithm 2009/08/24 v0.1 Document Style `algorithm' - floating environment
 (C:\Users\nunic\AppData\Local\Programs\MiKTeX\tex/latex/float\float.sty
Package: float 2001/11/08 v1.3d Float enhancements (AL)
\c@float@type=\count271
\float@exts=\toks18
\float@box=\box52
\@float@everytoks=\toks19
\@floatcapt=\box53
) (C:\Users\nunic\AppData\Local\Programs\MiKTeX\tex/latex/base\ifthen.sty
Package: ifthen 2024/03/16 v1.1e Standard LaTeX ifthen package (DPC)
)
\@float@every@algorithm=\toks20
\c@algorithm=\count272
) (C:\Users\nunic\AppData\Local\Programs\MiKTeX\tex/latex/algorithmicx\algpseudocode.sty
Package: algpseudocode 
 (C:\Users\nunic\AppData\Local\Programs\MiKTeX\tex/latex/algorithmicx\algorithmicx.sty
Package: algorithmicx 2005/04/27 v1.2 Algorithmicx

Document Style algorithmicx 1.2 - a greatly improved `algorithmic' style
\c@ALG@line=\count273
\c@ALG@rem=\count274
\c@ALG@nested=\count275
\ALG@tlm=\skip54
\ALG@thistlm=\skip55
\c@ALG@Lnr=\count276
\c@ALG@blocknr=\count277
\c@ALG@storecount=\count278
\c@ALG@tmpcounter=\count279
\ALG@tmplength=\skip56
)
Document Style - pseudocode environments for use with the `algorithmicx' style
) (C:\Users\nunic\AppData\Local\Programs\MiKTeX\tex/latex/amsmath\amsmath.sty
Package: amsmath 2024/05/23 v2.17q AMS math features
\@mathmargin=\skip57

For additional information on amsmath, use the `?' option.
(C:\Users\nunic\AppData\Local\Programs\MiKTeX\tex/latex/amsmath\amstext.sty
Package: amstext 2021/08/26 v2.01 AMS text
 (C:\Users\nunic\AppData\Local\Programs\MiKTeX\tex/latex/amsmath\amsgen.sty
File: amsgen.sty 1999/11/30 v2.0 generic functions
\@emptytoks=\toks21
\ex@=\dimen152
)) (C:\Users\nunic\AppData\Local\Programs\MiKTeX\tex/latex/amsmath\amsbsy.sty
Package: amsbsy 1999/11/29 v1.2d Bold Symbols
\pmbraise@=\dimen153
) (C:\Users\nunic\AppData\Local\Programs\MiKTeX\tex/latex/amsmath\amsopn.sty
Package: amsopn 2022/04/08 v2.04 operator names
)
\inf@bad=\count280
LaTeX Info: Redefining \frac on input line 233.
\uproot@=\count281
\leftroot@=\count282
LaTeX Info: Redefining \overline on input line 398.
LaTeX Info: Redefining \colon on input line 409.
\classnum@=\count283
\DOTSCASE@=\count284
LaTeX Info: Redefining \ldots on input line 495.
LaTeX Info: Redefining \dots on input line 498.
LaTeX Info: Redefining \cdots on input line 619.
\Mathstrutbox@=\box54
\strutbox@=\box55
LaTeX Info: Redefining \big on input line 721.
LaTeX Info: Redefining \Big on input line 722.
LaTeX Info: Redefining \bigg on input line 723.
LaTeX Info: Redefining \Bigg on input line 724.
\big@size=\dimen154
LaTeX Font Info:    Redeclaring font encoding OML on input line 742.
LaTeX Font Info:    Redeclaring font encoding OMS on input line 743.
\macc@depth=\count285
LaTeX Info: Redefining \bmod on input line 904.
LaTeX Info: Redefining \pmod on input line 909.
LaTeX Info: Redefining \smash on input line 939.
LaTeX Info: Redefining \relbar on input line 969.
LaTeX Info: Redefining \Relbar on input line 970.
\c@MaxMatrixCols=\count286
\dotsspace@=\muskip18
\c@parentequation=\count287
\dspbrk@lvl=\count288
\tag@help=\toks22
\row@=\count289
\column@=\count290
\maxfields@=\count291
\andhelp@=\toks23
\eqnshift@=\dimen155
\alignsep@=\dimen156
\tagshift@=\dimen157
\tagwidth@=\dimen158
\totwidth@=\dimen159
\lineht@=\dimen160
\@envbody=\toks24
\multlinegap=\skip58
\multlinetaggap=\skip59
\mathdisplay@stack=\toks25
LaTeX Info: Redefining \[ on input line 2953.
LaTeX Info: Redefining \] on input line 2954.
) (C:\Users\nunic\AppData\Local\Programs\MiKTeX\tex/latex/amscls\amsthm.sty
Package: amsthm 2020/05/29 v2.20.6
\thm@style=\toks26
\thm@bodyfont=\toks27
\thm@headfont=\toks28
\thm@notefont=\toks29
\thm@headpunct=\toks30
\thm@preskip=\skip60
\thm@postskip=\skip61
\thm@headsep=\skip62
\dth@everypar=\toks31
) (C:\Users\nunic\AppData\Local\Programs\MiKTeX\tex/latex/amsfonts\amssymb.sty
Package: amssymb 2013/01/14 v3.01 AMS font symbols
 (C:\Users\nunic\AppData\Local\Programs\MiKTeX\tex/latex/amsfonts\amsfonts.sty
Package: amsfonts 2013/01/14 v3.01 Basic AMSFonts support
\symAMSa=\mathgroup4
\symAMSb=\mathgroup5
LaTeX Font Info:    Redeclaring math symbol \hbar on input line 98.
LaTeX Font Info:    Overwriting math alphabet `\mathfrak' in version `bold'
(Font)                  U/euf/m/n --> U/euf/b/n on input line 106.
)) (C:\Users\nunic\AppData\Local\Programs\MiKTeX\tex/latex/tools\xspace.sty
Package: xspace 2014/10/28 v1.13 Space after command names (DPC,MH)
) (C:\Users\nunic\AppData\Local\Programs\MiKTeX\tex/latex/enumitem\enumitem.sty
Package: enumitem 2019/06/20 v3.9 Customized lists
\labelindent=\skip63
\enit@outerparindent=\dimen161
\enit@toks=\toks32
\enit@inbox=\box56
\enit@count@id=\count292
\enitdp@description=\count293
) (C:\Users\nunic\AppData\Local\Programs\MiKTeX\tex/latex/tools\multicol.sty
Package: multicol 2024/05/23 v1.9h multicolumn formatting (FMi)
\c@tracingmulticols=\count294
\mult@box=\box57
\multicol@leftmargin=\dimen162
\c@unbalance=\count295
\c@collectmore=\count296
\doublecol@number=\count297
\multicoltolerance=\count298
\multicolpretolerance=\count299
\full@width=\dimen163
\page@free=\dimen164
\premulticols=\dimen165
\postmulticols=\dimen166
\multicolsep=\skip64
\multicolbaselineskip=\skip65
\partial@page=\box58
\last@line=\box59
\mc@boxedresult=\box60
\maxbalancingoverflow=\dimen167
\mult@rightbox=\box61
\mult@grightbox=\box62
\mult@firstbox=\box63
\mult@gfirstbox=\box64
\@tempa=\box65
\@tempa=\box66
\@tempa=\box67
\@tempa=\box68
\@tempa=\box69
\@tempa=\box70
\@tempa=\box71
\@tempa=\box72
\@tempa=\box73
\@tempa=\box74
\@tempa=\box75
\@tempa=\box76
\@tempa=\box77
\@tempa=\box78
\@tempa=\box79
\@tempa=\box80
\@tempa=\box81
\@tempa=\box82
\@tempa=\box83
\@tempa=\box84
\@tempa=\box85
\@tempa=\box86
\@tempa=\box87
\@tempa=\box88
\@tempa=\box89
\@tempa=\box90
\@tempa=\box91
\@tempa=\box92
\@tempa=\box93
\@tempa=\box94
\@tempa=\box95
\@tempa=\box96
\@tempa=\box97
\@tempa=\box98
\@tempa=\box99
\@tempa=\box100
\c@minrows=\count300
\c@columnbadness=\count301
\c@finalcolumnbadness=\count302
\last@try=\dimen168
\multicolovershoot=\dimen169
\multicolundershoot=\dimen170
\mult@nat@firstbox=\box101
\colbreak@box=\box102
\mc@col@check@num=\count303
) (C:\Users\nunic\AppData\Local\Programs\MiKTeX\tex/latex/multirow\multirow.sty
Package: multirow 2024/11/12 v2.9 Span multiple rows of a table
\multirow@colwidth=\skip66
\multirow@cntb=\count304
\multirow@dima=\skip67
\bigstrutjot=\dimen171
) (C:\Users\nunic\AppData\Local\Programs\MiKTeX\tex/latex/caption\subcaption.sty
Package: subcaption 2023/07/28 v1.6b Sub-captions (AR)
Package caption Info: New subtype `subfigure' on input line 238.
\c@subfigure=\count305
Package caption Info: New subtype `subtable' on input line 238.
\c@subtable=\count306
) (C:\Users\nunic\AppData\Local\Programs\MiKTeX\tex/generic/soul\soul.sty
Package: soul 2023-06-14 v3.1 Permit use of UTF-8 characters in soul (HO)
 (C:\Users\nunic\AppData\Local\Programs\MiKTeX\tex/generic/soul\soul-ori.sty
Package: soul-ori 2023-06-14 v3.1 letterspacing/underlining (mf)
\SOUL@word=\toks33
\SOUL@lasttoken=\toks34
\SOUL@syllable=\toks35
\SOUL@cmds=\toks36
\SOUL@buffer=\toks37
\SOUL@token=\toks38
\SOUL@syllgoal=\dimen172
\SOUL@syllwidth=\dimen173
\SOUL@charkern=\dimen174
\SOUL@hyphkern=\dimen175
\SOUL@dimen=\dimen176
\SOUL@dimeni=\dimen177
\SOUL@minus=\count307
\SOUL@comma=\count308
\SOUL@apo=\count309
\SOUL@grave=\count310
\SOUL@spaceskip=\skip68
\SOUL@ttwidth=\dimen178
\SOUL@uldp=\dimen179
\SOUL@ulht=\dimen180
) (C:\Users\nunic\AppData\Local\Programs\MiKTeX\tex/generic/infwarerr\infwarerr.sty
Package: infwarerr 2019/12/03 v1.5 Providing info/warning/error messages (HO)
) (C:\Users\nunic\AppData\Local\Programs\MiKTeX\tex/generic/etexcmds\etexcmds.sty
Package: etexcmds 2019/12/15 v1.7 Avoid name clashes with e-TeX commands (HO)
 (C:\Users\nunic\AppData\Local\Programs\MiKTeX\tex/generic/iftex\iftex.sty
Package: iftex 2022/02/03 v1.0f TeX engine tests
))) (C:\Users\nunic\AppData\Local\Programs\MiKTeX\tex/latex/nicematrix\nicematrix.sty (C:\Users\nunic\AppData\Local\Programs\MiKTeX\tex/latex/pgf/basiclayer\pgfcore.sty (C:\Users\nunic\AppData\Local\Programs\MiKTeX\tex/latex/pgf/systemlayer\pgfsys.sty (C:\Users\nunic\AppData\Local\Programs\MiKTeX\tex/latex/pgf/utilities\pgfrcs.sty (C:\Users\nunic\AppData\Local\Programs\MiKTeX\tex/generic/pgf/utilities\pgfutil-common.tex
\pgfutil@everybye=\toks39
\pgfutil@tempdima=\dimen181
\pgfutil@tempdimb=\dimen182
) (C:\Users\nunic\AppData\Local\Programs\MiKTeX\tex/generic/pgf/utilities\pgfutil-latex.def
\pgfutil@abb=\box103
) (C:\Users\nunic\AppData\Local\Programs\MiKTeX\tex/generic/pgf/utilities\pgfrcs.code.tex (C:\Users\nunic\AppData\Local\Programs\MiKTeX\tex/generic/pgf\pgf.revision.tex)
Package: pgfrcs 2023-01-15 v3.1.10 (3.1.10)
)) (C:\Users\nunic\AppData\Local\Programs\MiKTeX\tex/generic/pgf/systemlayer\pgfsys.code.tex
Package: pgfsys 2023-01-15 v3.1.10 (3.1.10)
 (C:\Users\nunic\AppData\Local\Programs\MiKTeX\tex/generic/pgf/utilities\pgfkeys.code.tex
\pgfkeys@pathtoks=\toks40
\pgfkeys@temptoks=\toks41
 (C:\Users\nunic\AppData\Local\Programs\MiKTeX\tex/generic/pgf/utilities\pgfkeyslibraryfiltered.code.tex
\pgfkeys@tmptoks=\toks42
))
\pgf@x=\dimen183
\pgf@y=\dimen184
\pgf@xa=\dimen185
\pgf@ya=\dimen186
\pgf@xb=\dimen187
\pgf@yb=\dimen188
\pgf@xc=\dimen189
\pgf@yc=\dimen190
\pgf@xd=\dimen191
\pgf@yd=\dimen192
\w@pgf@writea=\write3
\r@pgf@reada=\read2
\c@pgf@counta=\count311
\c@pgf@countb=\count312
\c@pgf@countc=\count313
\c@pgf@countd=\count314
\t@pgf@toka=\toks43
\t@pgf@tokb=\toks44
\t@pgf@tokc=\toks45
\pgf@sys@id@count=\count315
 (C:\Users\nunic\AppData\Local\Programs\MiKTeX\tex/generic/pgf/systemlayer\pgf.cfg
File: pgf.cfg 2023-01-15 v3.1.10 (3.1.10)
)
Driver file for pgf: pgfsys-pdftex.def
 (C:\Users\nunic\AppData\Local\Programs\MiKTeX\tex/generic/pgf/systemlayer\pgfsys-pdftex.def
File: pgfsys-pdftex.def 2023-01-15 v3.1.10 (3.1.10)
 (C:\Users\nunic\AppData\Local\Programs\MiKTeX\tex/generic/pgf/systemlayer\pgfsys-common-pdf.def
File: pgfsys-common-pdf.def 2023-01-15 v3.1.10 (3.1.10)
))) (C:\Users\nunic\AppData\Local\Programs\MiKTeX\tex/generic/pgf/systemlayer\pgfsyssoftpath.code.tex
File: pgfsyssoftpath.code.tex 2023-01-15 v3.1.10 (3.1.10)
\pgfsyssoftpath@smallbuffer@items=\count316
\pgfsyssoftpath@bigbuffer@items=\count317
) (C:\Users\nunic\AppData\Local\Programs\MiKTeX\tex/generic/pgf/systemlayer\pgfsysprotocol.code.tex
File: pgfsysprotocol.code.tex 2023-01-15 v3.1.10 (3.1.10)
)) (C:\Users\nunic\AppData\Local\Programs\MiKTeX\tex/latex/xcolor\xcolor.sty
Package: xcolor 2023/11/15 v3.01 LaTeX color extensions (UK)
 (C:\Users\nunic\AppData\Local\Programs\MiKTeX\tex/latex/graphics-cfg\color.cfg
File: color.cfg 2016/01/02 v1.6 sample color configuration
)
Package xcolor Info: Driver file: pdftex.def on input line 274.
 (C:\Users\nunic\AppData\Local\Programs\MiKTeX\tex/latex/graphics\mathcolor.ltx)
Package xcolor Info: Model `cmy' substituted by `cmy0' on input line 1350.
Package xcolor Info: Model `hsb' substituted by `rgb' on input line 1354.
Package xcolor Info: Model `RGB' extended on input line 1366.
Package xcolor Info: Model `HTML' substituted by `rgb' on input line 1368.
Package xcolor Info: Model `Hsb' substituted by `hsb' on input line 1369.
Package xcolor Info: Model `tHsb' substituted by `hsb' on input line 1370.
Package xcolor Info: Model `HSB' substituted by `hsb' on input line 1371.
Package xcolor Info: Model `Gray' substituted by `gray' on input line 1372.
Package xcolor Info: Model `wave' substituted by `hsb' on input line 1373.
) (C:\Users\nunic\AppData\Local\Programs\MiKTeX\tex/generic/pgf/basiclayer\pgfcore.code.tex
Package: pgfcore 2023-01-15 v3.1.10 (3.1.10)
 (C:\Users\nunic\AppData\Local\Programs\MiKTeX\tex/generic/pgf/math\pgfmath.code.tex (C:\Users\nunic\AppData\Local\Programs\MiKTeX\tex/generic/pgf/math\pgfmathutil.code.tex) (C:\Users\nunic\AppData\Local\Programs\MiKTeX\tex/generic/pgf/math\pgfmathparser.code.tex
\pgfmath@dimen=\dimen193
\pgfmath@count=\count318
\pgfmath@box=\box104
\pgfmath@toks=\toks46
\pgfmath@stack@operand=\toks47
\pgfmath@stack@operation=\toks48
) (C:\Users\nunic\AppData\Local\Programs\MiKTeX\tex/generic/pgf/math\pgfmathfunctions.code.tex) (C:\Users\nunic\AppData\Local\Programs\MiKTeX\tex/generic/pgf/math\pgfmathfunctions.basic.code.tex) (C:\Users\nunic\AppData\Local\Programs\MiKTeX\tex/generic/pgf/math\pgfmathfunctions.trigonometric.code.tex) (C:\Users\nunic\AppData\Local\Programs\MiKTeX\tex/generic/pgf/math\pgfmathfunctions.random.code.tex) (C:\Users\nunic\AppData\Local\Programs\MiKTeX\tex/generic/pgf/math\pgfmathfunctions.comparison.code.tex) (C:\Users\nunic\AppData\Local\Programs\MiKTeX\tex/generic/pgf/math\pgfmathfunctions.base.code.tex) (C:\Users\nunic\AppData\Local\Programs\MiKTeX\tex/generic/pgf/math\pgfmathfunctions.round.code.tex) (C:\Users\nunic\AppData\Local\Programs\MiKTeX\tex/generic/pgf/math\pgfmathfunctions.misc.code.tex) (C:\Users\nunic\AppData\Local\Programs\MiKTeX\tex/generic/pgf/math\pgfmathfunctions.integerarithmetics.code.tex) (C:\Users\nunic\AppData\Local\Programs\MiKTeX\tex/generic/pgf/math\pgfmathcalc.code.tex) (C:\Users\nunic\AppData\Local\Programs\MiKTeX\tex/generic/pgf/math\pgfmathfloat.code.tex
\c@pgfmathroundto@lastzeros=\count319
)) (C:\Users\nunic\AppData\Local\Programs\MiKTeX\tex/generic/pgf/math\pgfint.code.tex) (C:\Users\nunic\AppData\Local\Programs\MiKTeX\tex/generic/pgf/basiclayer\pgfcorepoints.code.tex
File: pgfcorepoints.code.tex 2023-01-15 v3.1.10 (3.1.10)
\pgf@picminx=\dimen194
\pgf@picmaxx=\dimen195
\pgf@picminy=\dimen196
\pgf@picmaxy=\dimen197
\pgf@pathminx=\dimen198
\pgf@pathmaxx=\dimen199
\pgf@pathminy=\dimen256
\pgf@pathmaxy=\dimen257
\pgf@xx=\dimen258
\pgf@xy=\dimen259
\pgf@yx=\dimen260
\pgf@yy=\dimen261
\pgf@zx=\dimen262
\pgf@zy=\dimen263
) (C:\Users\nunic\AppData\Local\Programs\MiKTeX\tex/generic/pgf/basiclayer\pgfcorepathconstruct.code.tex
File: pgfcorepathconstruct.code.tex 2023-01-15 v3.1.10 (3.1.10)
\pgf@path@lastx=\dimen264
\pgf@path@lasty=\dimen265
) (C:\Users\nunic\AppData\Local\Programs\MiKTeX\tex/generic/pgf/basiclayer\pgfcorepathusage.code.tex
File: pgfcorepathusage.code.tex 2023-01-15 v3.1.10 (3.1.10)
\pgf@shorten@end@additional=\dimen266
\pgf@shorten@start@additional=\dimen267
) (C:\Users\nunic\AppData\Local\Programs\MiKTeX\tex/generic/pgf/basiclayer\pgfcorescopes.code.tex
File: pgfcorescopes.code.tex 2023-01-15 v3.1.10 (3.1.10)
\pgfpic=\box105
\pgf@hbox=\box106
\pgf@layerbox@main=\box107
\pgf@picture@serial@count=\count320
) (C:\Users\nunic\AppData\Local\Programs\MiKTeX\tex/generic/pgf/basiclayer\pgfcoregraphicstate.code.tex
File: pgfcoregraphicstate.code.tex 2023-01-15 v3.1.10 (3.1.10)
\pgflinewidth=\dimen268
) (C:\Users\nunic\AppData\Local\Programs\MiKTeX\tex/generic/pgf/basiclayer\pgfcoretransformations.code.tex
File: pgfcoretransformations.code.tex 2023-01-15 v3.1.10 (3.1.10)
\pgf@pt@x=\dimen269
\pgf@pt@y=\dimen270
\pgf@pt@temp=\dimen271
) (C:\Users\nunic\AppData\Local\Programs\MiKTeX\tex/generic/pgf/basiclayer\pgfcorequick.code.tex
File: pgfcorequick.code.tex 2023-01-15 v3.1.10 (3.1.10)
) (C:\Users\nunic\AppData\Local\Programs\MiKTeX\tex/generic/pgf/basiclayer\pgfcoreobjects.code.tex
File: pgfcoreobjects.code.tex 2023-01-15 v3.1.10 (3.1.10)
) (C:\Users\nunic\AppData\Local\Programs\MiKTeX\tex/generic/pgf/basiclayer\pgfcorepathprocessing.code.tex
File: pgfcorepathprocessing.code.tex 2023-01-15 v3.1.10 (3.1.10)
) (C:\Users\nunic\AppData\Local\Programs\MiKTeX\tex/generic/pgf/basiclayer\pgfcorearrows.code.tex
File: pgfcorearrows.code.tex 2023-01-15 v3.1.10 (3.1.10)
\pgfarrowsep=\dimen272
) (C:\Users\nunic\AppData\Local\Programs\MiKTeX\tex/generic/pgf/basiclayer\pgfcoreshade.code.tex
File: pgfcoreshade.code.tex 2023-01-15 v3.1.10 (3.1.10)
\pgf@max=\dimen273
\pgf@sys@shading@range@num=\count321
\pgf@shadingcount=\count322
) (C:\Users\nunic\AppData\Local\Programs\MiKTeX\tex/generic/pgf/basiclayer\pgfcoreimage.code.tex
File: pgfcoreimage.code.tex 2023-01-15 v3.1.10 (3.1.10)
) (C:\Users\nunic\AppData\Local\Programs\MiKTeX\tex/generic/pgf/basiclayer\pgfcoreexternal.code.tex
File: pgfcoreexternal.code.tex 2023-01-15 v3.1.10 (3.1.10)
\pgfexternal@startupbox=\box108
) (C:\Users\nunic\AppData\Local\Programs\MiKTeX\tex/generic/pgf/basiclayer\pgfcorelayers.code.tex
File: pgfcorelayers.code.tex 2023-01-15 v3.1.10 (3.1.10)
) (C:\Users\nunic\AppData\Local\Programs\MiKTeX\tex/generic/pgf/basiclayer\pgfcoretransparency.code.tex
File: pgfcoretransparency.code.tex 2023-01-15 v3.1.10 (3.1.10)
) (C:\Users\nunic\AppData\Local\Programs\MiKTeX\tex/generic/pgf/basiclayer\pgfcorepatterns.code.tex
File: pgfcorepatterns.code.tex 2023-01-15 v3.1.10 (3.1.10)
) (C:\Users\nunic\AppData\Local\Programs\MiKTeX\tex/generic/pgf/basiclayer\pgfcorerdf.code.tex
File: pgfcorerdf.code.tex 2023-01-15 v3.1.10 (3.1.10)
))) (C:\Users\nunic\AppData\Local\Programs\MiKTeX\tex/generic/pgf/modules\pgfmoduleshapes.code.tex
File: pgfmoduleshapes.code.tex 2023-01-15 v3.1.10 (3.1.10)
\pgfnodeparttextbox=\box109
) (C:\Users\nunic\AppData\Local\Programs\MiKTeX\tex/latex/l3packages/l3keys2e\l3keys2e.sty (C:\Users\nunic\AppData\Local\Programs\MiKTeX\tex/latex/l3kernel\expl3.sty
Package: expl3 2024-05-27 L3 programming layer (loader) 
 (C:\Users\nunic\AppData\Local\Programs\MiKTeX\tex/latex/l3backend\l3backend-pdftex.def
File: l3backend-pdftex.def 2024-05-08 L3 backend support: PDF output (pdfTeX)
\l__color_backend_stack_int=\count323
\l__pdf_internal_box=\box110
))
Package: l3keys2e 2024-05-08 LaTeX2e option processing using LaTeX3 keys
)
Package: nicematrix 2024/11/18 v7.0 Enhanced arrays with the help of PGF/TikZ
 (C:\Users\nunic\AppData\Local\Programs\MiKTeX\tex/latex/tools\array.sty
Package: array 2024/06/14 v2.6d Tabular extension package (FMi)
\col@sep=\dimen274
\ar@mcellbox=\box111
\extrarowheight=\dimen275
\NC@list=\toks49
\extratabsurround=\skip69
\backup@length=\skip70
\ar@cellbox=\box112
)
\g__nicematrix_env_int=\count324
\g__nicematrix_NiceMatrixBlock_int=\count325
\g__nicematrix_notes_caption_int=\count326
\l__nicematrix_columns_width_dim=\dimen276
\l__nicematrix_col_width_dim=\dimen277
\g__nicematrix_row_total_int=\count327
\g__nicematrix_col_total_int=\count328
\g__nicematrix_last_row_node_int=\count329
\l__nicematrix_key_nb_rows_int=\count330
\g__nicematrix_blocks_wd_dim=\dimen278
\g__nicematrix_blocks_ht_dim=\dimen279
\g__nicematrix_blocks_dp_dim=\dimen280
\l__nicematrix_width_dim=\dimen281
\l__nicematrix_tabular_width_dim=\dimen282
\l__nicematrix_rule_width_dim=\dimen283
\l__nicematrix_old_iRow_int=\count331
\l__nicematrix_old_jCol_int=\count332
\g__nicematrix_total_X_weight_int=\count333
\l__nicematrix_X_columns_dim=\dimen284
\l__nicematrix_x_initial_dim=\dimen285
\l__nicematrix_y_initial_dim=\dimen286
\l__nicematrix_x_final_dim=\dimen287
\l__nicematrix_y_final_dim=\dimen288
\l__nicematrix_tmpc_dim=\dimen289
\l__nicematrix_tmpd_dim=\dimen290
\l__nicematrix_tmpe_dim=\dimen291
\l__nicematrix_tmpf_dim=\dimen292
\g__nicematrix_dp_row_zero_dim=\dimen293
\g__nicematrix_ht_row_zero_dim=\dimen294
\g__nicematrix_ht_row_one_dim=\dimen295
\g__nicematrix_dp_ante_last_row_dim=\dimen296
\g__nicematrix_ht_last_row_dim=\dimen297
\g__nicematrix_dp_last_row_dim=\dimen298
\g__nicematrix_width_last_col_dim=\dimen299
\g__nicematrix_width_first_col_dim=\dimen300
\l__nicematrix_row_min_int=\count334
\l__nicematrix_row_max_int=\count335
\l__nicematrix_col_min_int=\count336
\l__nicematrix_col_max_int=\count337
\l__nicematrix_start_int=\count338
\l__nicematrix_end_int=\count339
\l__nicematrix_local_start_int=\count340
\l__nicematrix_local_end_int=\count341
\g__nicematrix_static_num_of_col_int=\count342
\l__nicematrix_rounded_corners_dim=\dimen301
\l__nicematrix_tab_rounded_corners_dim=\dimen302
\l__nicematrix_offset_dim=\dimen303
\l__nicematrix_line_width_dim=\dimen304
\g__nicematrix_block_box_int=\count343
\l__nicematrix_submatrix_extra_height_dim=\dimen305
\l__nicematrix_submatrix_left_xshift_dim=\dimen306
\l__nicematrix_submatrix_right_xshift_dim=\dimen307
\l__nicematrix_first_row_int=\count344
\l__nicematrix_first_col_int=\count345
\l__nicematrix_last_row_int=\count346
\l__nicematrix_last_col_int=\count347
\c@tabularnote=\count348
\g__nicematrix_tabularnote_int=\count349
\c@nicematrix_draft=\count350
\l__nicematrix_cell_space_top_limit_dim=\dimen308
\l__nicematrix_cell_space_bottom_limit_dim=\dimen309
\l__nicematrix_xdots_inter_dim=\dimen310
\l__nicematrix_xdots_shorten_start_dim=\dimen311
\l__nicematrix_xdots_shorten_end_dim=\dimen312
\l__nicematrix_xdots_radius_dim=\dimen313
\l__nicematrix_notes_above_space_dim=\dimen314
\l__nicematrix_left_margin_dim=\dimen315
\l__nicematrix_right_margin_dim=\dimen316
\l__nicematrix_extra_left_margin_dim=\dimen317
\l__nicematrix_extra_right_margin_dim=\dimen318
\c__nicematrix_max_l_dim=\dimen319
\l__nicematrix_position_int=\count351
\l__nicematrix_multiplicity_int=\count352
\l__nicematrix_brace_yshift_dim=\dimen320
) (C:\Users\nunic\AppData\Local\Programs\MiKTeX\tex/latex/pgf/frontendlayer\tikz.sty (C:\Users\nunic\AppData\Local\Programs\MiKTeX\tex/latex/pgf/basiclayer\pgf.sty
Package: pgf 2023-01-15 v3.1.10 (3.1.10)
 (C:\Users\nunic\AppData\Local\Programs\MiKTeX\tex/generic/pgf/modules\pgfmoduleplot.code.tex
File: pgfmoduleplot.code.tex 2023-01-15 v3.1.10 (3.1.10)
) (C:\Users\nunic\AppData\Local\Programs\MiKTeX\tex/latex/pgf/compatibility\pgfcomp-version-0-65.sty
Package: pgfcomp-version-0-65 2023-01-15 v3.1.10 (3.1.10)
\pgf@nodesepstart=\dimen321
\pgf@nodesepend=\dimen322
) (C:\Users\nunic\AppData\Local\Programs\MiKTeX\tex/latex/pgf/compatibility\pgfcomp-version-1-18.sty
Package: pgfcomp-version-1-18 2023-01-15 v3.1.10 (3.1.10)
)) (C:\Users\nunic\AppData\Local\Programs\MiKTeX\tex/latex/pgf/utilities\pgffor.sty (C:\Users\nunic\AppData\Local\Programs\MiKTeX\tex/latex/pgf/utilities\pgfkeys.sty (C:\Users\nunic\AppData\Local\Programs\MiKTeX\tex/generic/pgf/utilities\pgfkeys.code.tex)) (C:\Users\nunic\AppData\Local\Programs\MiKTeX\tex/latex/pgf/math\pgfmath.sty (C:\Users\nunic\AppData\Local\Programs\MiKTeX\tex/generic/pgf/math\pgfmath.code.tex)) (C:\Users\nunic\AppData\Local\Programs\MiKTeX\tex/generic/pgf/utilities\pgffor.code.tex
Package: pgffor 2023-01-15 v3.1.10 (3.1.10)
\pgffor@iter=\dimen323
\pgffor@skip=\dimen324
\pgffor@stack=\toks50
\pgffor@toks=\toks51
)) (C:\Users\nunic\AppData\Local\Programs\MiKTeX\tex/generic/pgf/frontendlayer/tikz\tikz.code.tex
Package: tikz 2023-01-15 v3.1.10 (3.1.10)
 (C:\Users\nunic\AppData\Local\Programs\MiKTeX\tex/generic/pgf/libraries\pgflibraryplothandlers.code.tex
File: pgflibraryplothandlers.code.tex 2023-01-15 v3.1.10 (3.1.10)
\pgf@plot@mark@count=\count353
\pgfplotmarksize=\dimen325
)
\tikz@lastx=\dimen326
\tikz@lasty=\dimen327
\tikz@lastxsaved=\dimen328
\tikz@lastysaved=\dimen329
\tikz@lastmovetox=\dimen330
\tikz@lastmovetoy=\dimen331
\tikzleveldistance=\dimen332
\tikzsiblingdistance=\dimen333
\tikz@figbox=\box113
\tikz@figbox@bg=\box114
\tikz@tempbox=\box115
\tikz@tempbox@bg=\box116
\tikztreelevel=\count354
\tikznumberofchildren=\count355
\tikznumberofcurrentchild=\count356
\tikz@fig@count=\count357
 (C:\Users\nunic\AppData\Local\Programs\MiKTeX\tex/generic/pgf/modules\pgfmodulematrix.code.tex
File: pgfmodulematrix.code.tex 2023-01-15 v3.1.10 (3.1.10)
\pgfmatrixcurrentrow=\count358
\pgfmatrixcurrentcolumn=\count359
\pgf@matrix@numberofcolumns=\count360
)
\tikz@expandcount=\count361
 (C:\Users\nunic\AppData\Local\Programs\MiKTeX\tex/generic/pgf/frontendlayer/tikz/libraries\tikzlibrarytopaths.code.tex
File: tikzlibrarytopaths.code.tex 2023-01-15 v3.1.10 (3.1.10)
)))
\c@theorem=\count362
\c@prop=\count363
\c@condition=\count364
\c@remark=\count365
\c@definition=\count366
\c@claim=\count367
\c@example=\count368
\c@lemma=\count369
 (C:\Users\nunic\AppData\Local\Programs\MiKTeX\tex/latex/newfloat\newfloat.sty
Package: newfloat 2023/10/01 v1.2 Defining new floating environments (AR)
) (C:\Users\nunic\AppData\Local\Programs\MiKTeX\tex/latex/listings\listings.sty
\lst@mode=\count370
\lst@gtempboxa=\box117
\lst@token=\toks52
\lst@length=\count371
\lst@currlwidth=\dimen334
\lst@column=\count372
\lst@pos=\count373
\lst@lostspace=\dimen335
\lst@width=\dimen336
\lst@newlines=\count374
\lst@lineno=\count375
\lst@maxwidth=\dimen337
 (C:\Users\nunic\AppData\Local\Programs\MiKTeX\tex/latex/listings\lstpatch.sty
File: lstpatch.sty 2024/05/25 1.10b (Carsten Heinz)
) (C:\Users\nunic\AppData\Local\Programs\MiKTeX\tex/latex/listings\lstmisc.sty
File: lstmisc.sty 2024/05/25 1.10b (Carsten Heinz)
\c@lstnumber=\count376
\lst@skipnumbers=\count377
\lst@framebox=\box118
) (C:\Users\nunic\AppData\Local\Programs\MiKTeX\tex/latex/listings\listings.cfg
File: listings.cfg 2024/05/25 1.10b listings configuration
))
Package: listings 2024/05/25 1.10b (Carsten Heinz)
\@float@every@listing=\toks53
\c@listing=\count378
LaTeX Font Info:    Trying to load font information for OT1+ptm on input line 113.
 (C:\Users\nunic\AppData\Local\Programs\MiKTeX\tex/latex/psnfss\ot1ptm.fd
File: ot1ptm.fd 2001/06/04 font definitions for OT1/ptm.
) (MRF.aux)
\openout1 = `MRF.aux'.

LaTeX Font Info:    Checking defaults for OML/cmm/m/it on input line 113.
LaTeX Font Info:    ... okay on input line 113.
LaTeX Font Info:    Checking defaults for OMS/cmsy/m/n on input line 113.
LaTeX Font Info:    ... okay on input line 113.
LaTeX Font Info:    Checking defaults for OT1/cmr/m/n on input line 113.
LaTeX Font Info:    ... okay on input line 113.
LaTeX Font Info:    Checking defaults for T1/cmr/m/n on input line 113.
LaTeX Font Info:    ... okay on input line 113.
LaTeX Font Info:    Checking defaults for TS1/cmr/m/n on input line 113.
LaTeX Font Info:    ... okay on input line 113.
LaTeX Font Info:    Checking defaults for OMX/cmex/m/n on input line 113.
LaTeX Font Info:    ... okay on input line 113.
LaTeX Font Info:    Checking defaults for U/cmr/m/n on input line 113.
LaTeX Font Info:    ... okay on input line 113.
 (C:\Users\nunic\AppData\Local\Programs\MiKTeX\tex/context/base/mkii\supp-pdf.mkii
[Loading MPS to PDF converter (version 2006.09.02).]
\scratchcounter=\count379
\scratchdimen=\dimen338
\scratchbox=\box119
\nofMPsegments=\count380
\nofMParguments=\count381
\everyMPshowfont=\toks54
\MPscratchCnt=\count382
\MPscratchDim=\dimen339
\MPnumerator=\count383
\makeMPintoPDFobject=\count384
\everyMPtoPDFconversion=\toks55
) (C:\Users\nunic\AppData\Local\Programs\MiKTeX\tex/latex/epstopdf-pkg\epstopdf-base.sty
Package: epstopdf-base 2020-01-24 v2.11 Base part for package epstopdf
Package epstopdf-base Info: Redefining graphics rule for `.eps' on input line 485.
 (C:\Users\nunic\AppData\Local\Programs\MiKTeX\tex/latex/00miktex\epstopdf-sys.cfg
File: epstopdf-sys.cfg 2021/03/18 v2.0 Configuration of epstopdf for MiKTeX
))
Package caption Info: Begin \AtBeginDocument code.
Package caption Info: float package is loaded.
Package caption Info: listings package is loaded.
Package caption Info: End \AtBeginDocument code.
\c__nicematrix_shift_Ldots_last_row_dim=\dimen340
\c__nicematrix_shift_exterior_Vdots_dim=\dimen341
\c__nicematrix_innersep_middle_dim=\dimen342
\c@tabularnotesi=\count385
\enitdp@tabularnotes=\count386
\c@tabularnotes*i=\count387
\enitdp@tabularnotes*=\count388
Package newfloat Info: `float' package detected.
\c@lstlisting=\count389
\c@eqfn=\count390
\titlearea=\box120
LaTeX Font Info:    Trying to load font information for U+msa on input line 115.
 (C:\Users\nunic\AppData\Local\Programs\MiKTeX\tex/latex/amsfonts\umsa.fd
File: umsa.fd 2013/01/14 v3.01 AMS symbols A
)
LaTeX Font Info:    Trying to load font information for U+msb on input line 115.
 (C:\Users\nunic\AppData\Local\Programs\MiKTeX\tex/latex/amsfonts\umsb.fd
File: umsb.fd 2013/01/14 v3.01 AMS symbols B
)
LaTeX Font Info:    Trying to load font information for OMS+ptm on input line 115.
 (C:\Users\nunic\AppData\Local\Programs\MiKTeX\tex/latex/psnfss\omsptm.fd
File: omsptm.fd 
)
LaTeX Font Info:    Font shape `OMS/ptm/m/n' in size <10> not available
(Font)              Font shape `OMS/cmsy/m/n' tried instead on input line 115.
\actualheight=\skip71
LaTeX Font Info:    Trying to load font information for TS1+ptm on input line 115.
 (C:\Users\nunic\AppData\Local\Programs\MiKTeX\tex/latex/psnfss\ts1ptm.fd
File: ts1ptm.fd 2001/06/04 font definitions for TS1/ptm.
)


Underfull \hbox (badness 2556) in paragraph at lines 163--173
[]\OT1/ptm/m/n/10 In this pa-per, we de-velop $[]$ural $[]$ov[]asz $[]$ampler
 []


Underfull \vbox (badness 1400) has occurred while \output is active []



[1{C:/Users/nunic/AppData/Local/MiKTeX/fonts/map/pdftex/pdftex.map}{C:/Users/nunic/AppData/Local/Programs/MiKTeX/fonts/enc/dvips/base/8r.enc}



]
Underfull \hbox (badness 1097) in paragraph at lines 186--197
\OT1/ptm/m/n/10 2019; Duan et al. 2022; Li, Chen, and Koltun 2018).
 []





[2]


LaTeX Font Warning: Command \footnotesize invalid in math mode on input line 335.


Underfull \hbox (badness 1552) in paragraph at lines 363--365
\OT1/ptm/m/n/10 We first present the pro-posed $[]$ural $[]$ov[]asz $[]$ampler
 []



[3]
Underfull \hbox (badness 2922) in paragraph at lines 394--395
[]\OT1/ptm/m/n/10 Tensor $\OML/cmm/m/it/10 W \OMS/cmsy/m/n/10 2 f^^@\OT1/cmr/m/n/10 1\OML/cmm/m/it/10 ; \OT1/cmr/m/n/10 0\OML/cmm/m/it/10 ; \OT1/cmr/m/n/10 1\OMS/cmsy/m/n/10 g[]$ \OT1/ptm/m/n/10 and ma-trix $\OML/cmm/m/it/10 b \OMS/cmsy/m/n/10 2
 []




Overfull \hbox (4.96436pt too wide) detected at line 478
[][]
 []



[4]



[5]
Underfull \hbox (badness 2671) in paragraph at lines 604--605
\OT1/ptm/b/n/10 Learning Qual-ity \OT1/ptm/m/n/10 Ta-ble 2[] demon-strates \OT1/ptm/m/sc/10 Nel-son\OT1/ptm/m/n/10 -CD
 []

Package epstopdf Info: Source file: <exp/sampling.randkcnf.uniform.time.eps>
(epstopdf)                    date: 2024-12-19 22:24:28
(epstopdf)                    size: 279777 bytes
(epstopdf)             Output file: <exp/sampling.randkcnf.uniform.time-eps-converted-to.pdf>
(epstopdf)                    date: 2024-12-19 22:24:28
(epstopdf)                    size: 27926 bytes
(epstopdf)             Command: <miktex-epstopdf --outfile=exp/sampling.randkcnf.uniform.time-eps-converted-to.pdf exp/sampling.randkcnf.uniform.time.eps>
(epstopdf)             \includegraphics on input line 635.
Package epstopdf Info: Output file is already uptodate.
<exp/sampling.randkcnf.uniform.time-eps-converted-to.pdf, id=45, 236.885pt x 223.83624pt>
File: exp/sampling.randkcnf.uniform.time-eps-converted-to.pdf Graphic file (type pdf)
<use exp/sampling.randkcnf.uniform.time-eps-converted-to.pdf>
Package pdftex.def Info: exp/sampling.randkcnf.uniform.time-eps-converted-to.pdf  used on input line 635.
(pdftex.def)             Requested size: 117.30455pt x 110.84196pt.
<exp/sampling.randkcnf.valid.pdf, id=46, 247.38046pt x 226.19882pt>
File: exp/sampling.randkcnf.valid.pdf Graphic file (type pdf)
<use exp/sampling.randkcnf.valid.pdf>
Package pdftex.def Info: exp/sampling.randkcnf.valid.pdf  used on input line 636.
(pdftex.def)             Requested size: 119.69719pt x 109.44742pt.


pdfTeX warning: pdflatex (file ./exp/sampling.randkcnf.weighted-crop.pdf): PDF inclusion: found PDF version <1.6>, but at most version <1.5> allowed
<exp/sampling.randkcnf.weighted-crop.pdf, id=47, 275.0275pt x 231.86626pt>
File: exp/sampling.randkcnf.weighted-crop.pdf Graphic file (type pdf)
<use exp/sampling.randkcnf.weighted-crop.pdf>
Package pdftex.def Info: exp/sampling.randkcnf.weighted-crop.pdf  used on input line 644.
(pdftex.def)             Requested size: 126.87872pt x 106.96756pt.
<exp/valid.randkcnf.weighted.pdf, id=48, 265.89696pt x 104.34848pt>
File: exp/valid.randkcnf.weighted.pdf Graphic file (type pdf)
<use exp/valid.randkcnf.weighted.pdf>
Package pdftex.def Info: exp/valid.randkcnf.weighted.pdf  used on input line 648.
(pdftex.def)             Requested size: 111.3911pt x 43.71458pt.
<exp/resample.randkcnf.weighted.pdf, id=49, 240.03473pt x 142.94302pt>
File: exp/resample.randkcnf.weighted.pdf Graphic file (type pdf)
<use exp/resample.randkcnf.weighted.pdf>
Package pdftex.def Info: exp/resample.randkcnf.weighted.pdf  used on input line 649.
(pdftex.def)             Requested size: 100.13884pt x 59.63432pt.



LaTeX Warning: Text page 6 contains only floats.



[6 <./exp/sampling.randkcnf.uniform.time-eps-converted-to.pdf> <./exp/sampling.randkcnf.valid.pdf> <./exp/sampling.randkcnf.weighted-crop.pdf> <./exp/valid.randkcnf.weighted.pdf> <./exp/resample.randkcnf.weighted.pdf>]

<exp/vehicle.resamples.pdf, id=231, 295.34734pt x 197.7789pt>
File: exp/vehicle.resamples.pdf Graphic file (type pdf)
<use exp/vehicle.resamples.pdf>
Package pdftex.def Info: exp/vehicle.resamples.pdf  used on input line 730.
(pdftex.def)             Requested size: 118.49904pt x 79.35158pt.
<exp/vehicle.time.pdf, id=232, 294.8221pt x 199.11227pt>
File: exp/vehicle.time.pdf Graphic file (type pdf)
<use exp/vehicle.time.pdf>
Package pdftex.def Info: exp/vehicle.time.pdf  used on input line 731.
(pdftex.def)             Requested size: 118.49904pt x 80.02934pt.


[7 <./exp/vehicle.resamples.pdf> <./exp/vehicle.time.pdf>] (MRF.bbl
Underfull \hbox (badness 1558) in paragraph at lines 84--87
\OT1/ptm/m/n/10 Syntax-Directed Vari-a-tional Au-toen-coder for Struc-tured
 []





[8]



[9])



[10

]

LaTeX Font Warning: Command \footnotesize invalid in math mode on input line 849.



[11

]

[12]

[13]
\g__nicematrix_max_cell_width_dim=\dimen343
\c@iRow=\count391
\c@jCol=\count392
\l__nicematrix_cell_box=\box121
\l__nicematrix_the_array_box=\box122
\l__nicematrix_left_delim_dim=\dimen344
\l__nicematrix_right_delim_dim=\dimen345


LaTeX Font Warning: Command \normalsize invalid in math mode on input line 992.


LaTeX Font Warning: Command \normalsize invalid in math mode on input line 992.


LaTeX Font Warning: Command \normalsize invalid in math mode on input line 992.


LaTeX Font Warning: Command \normalsize invalid in math mode on input line 992.


LaTeX Font Warning: Command \normalsize invalid in math mode on input line 992.


LaTeX Font Warning: Command \normalsize invalid in math mode on input line 992.


LaTeX Font Warning: Command \normalsize invalid in math mode on input line 992.


LaTeX Font Warning: Command \normalsize invalid in math mode on input line 992.


LaTeX Font Warning: Command \normalsize invalid in math mode on input line 993.


LaTeX Font Warning: Command \normalsize invalid in math mode on input line 994.


LaTeX Font Warning: Command \normalsize invalid in math mode on input line 995.


LaTeX Font Warning: Command \normalsize invalid in math mode on input line 996.


LaTeX Font Warning: Command \normalsize invalid in math mode on input line 997.


LaTeX Font Warning: Command \normalsize invalid in math mode on input line 998.


LaTeX Font Warning: Command \normalsize invalid in math mode on input line 999.


LaTeX Font Warning: Command \normalsize invalid in math mode on input line 1000.

\g__nicematrix_ddots_int=\count393
\g__nicematrix_iddots_int=\count394
\g__nicematrix_delta_x_one_dim=\dimen346
\g__nicematrix_delta_y_one_dim=\dimen347
\g__nicematrix_delta_x_two_dim=\dimen348
\g__nicematrix_delta_y_two_dim=\dimen349
\l__nicematrix_initial_i_int=\count395
\l__nicematrix_initial_j_int=\count396
\l__nicematrix_final_i_int=\count397
\l__nicematrix_final_j_int=\count398

LaTeX Font Warning: Command \normalsize invalid in math mode on input line 1013.


LaTeX Font Warning: Command \normalsize invalid in math mode on input line 1013.


LaTeX Font Warning: Command \normalsize invalid in math mode on input line 1013.


LaTeX Font Warning: Command \normalsize invalid in math mode on input line 1013.


LaTeX Font Warning: Command \normalsize invalid in math mode on input line 1013.


LaTeX Font Warning: Command \normalsize invalid in math mode on input line 1013.


LaTeX Font Warning: Command \normalsize invalid in math mode on input line 1013.


LaTeX Font Warning: Command \normalsize invalid in math mode on input line 1013.


LaTeX Font Warning: Command \normalsize invalid in math mode on input line 1014.


LaTeX Font Warning: Command \normalsize invalid in math mode on input line 1024.


LaTeX Font Warning: Command \normalsize invalid in math mode on input line 1024.


LaTeX Font Warning: Command \normalsize invalid in math mode on input line 1024.


LaTeX Font Warning: Command \normalsize invalid in math mode on input line 1024.


LaTeX Font Warning: Command \normalsize invalid in math mode on input line 1024.


LaTeX Font Warning: Command \normalsize invalid in math mode on input line 1024.


LaTeX Font Warning: Command \normalsize invalid in math mode on input line 1024.


LaTeX Font Warning: Command \normalsize invalid in math mode on input line 1024.


LaTeX Font Warning: Command \normalsize invalid in math mode on input line 1025.


LaTeX Font Warning: Command \normalsize invalid in math mode on input line 1026.


LaTeX Font Warning: Command \normalsize invalid in math mode on input line 1027.


LaTeX Font Warning: Command \normalsize invalid in math mode on input line 1028.


LaTeX Font Warning: Command \normalsize invalid in math mode on input line 1029.


LaTeX Font Warning: Command \normalsize invalid in math mode on input line 1030.


LaTeX Font Warning: Command \normalsize invalid in math mode on input line 1031.


LaTeX Font Warning: Command \normalsize invalid in math mode on input line 1032.


LaTeX Font Warning: Command \normalsize invalid in math mode on input line 1037.


LaTeX Font Warning: Command \normalsize invalid in math mode on input line 1037.


LaTeX Font Warning: Command \normalsize invalid in math mode on input line 1037.


LaTeX Font Warning: Command \normalsize invalid in math mode on input line 1037.


LaTeX Font Warning: Command \normalsize invalid in math mode on input line 1037.


LaTeX Font Warning: Command \normalsize invalid in math mode on input line 1037.


LaTeX Font Warning: Command \normalsize invalid in math mode on input line 1037.


LaTeX Font Warning: Command \normalsize invalid in math mode on input line 1037.


LaTeX Font Warning: Command \normalsize invalid in math mode on input line 1038.



[14]

[15]

[16]

[17]

[18]
<figs/learn-pipeline-crop.pdf, id=317, 1002.74625pt x 281.05pt>
File: figs/learn-pipeline-crop.pdf Graphic file (type pdf)
<use figs/learn-pipeline-crop.pdf>
Package pdftex.def Info: figs/learn-pipeline-crop.pdf  used on input line 1302.
(pdftex.def)             Requested size: 500.83388pt x 140.37454pt.


[19 <./figs/learn-pipeline-crop.pdf>]

LaTeX Font Warning: Command \normalsize invalid in math mode on input line 1348.


LaTeX Font Warning: Command \normalsize invalid in math mode on input line 1348.


LaTeX Font Warning: Command \normalsize invalid in math mode on input line 1348.


LaTeX Font Warning: Command \normalsize invalid in math mode on input line 1348.


LaTeX Font Warning: Command \normalsize invalid in math mode on input line 1349.


LaTeX Font Warning: Command \normalsize invalid in math mode on input line 1350.


LaTeX Font Warning: Command \normalsize invalid in math mode on input line 1351.


LaTeX Font Warning: Command \normalsize invalid in math mode on input line 1352.


LaTeX Font Warning: Command \normalsize invalid in math mode on input line 1376.


LaTeX Font Warning: Command \normalsize invalid in math mode on input line 1376.


LaTeX Font Warning: Command \normalsize invalid in math mode on input line 1376.


LaTeX Font Warning: Command \normalsize invalid in math mode on input line 1376.


LaTeX Font Warning: Command \normalsize invalid in math mode on input line 1377.


LaTeX Font Warning: Command \normalsize invalid in math mode on input line 1378.


LaTeX Font Warning: Command \normalsize invalid in math mode on input line 1379.


LaTeX Font Warning: Command \normalsize invalid in math mode on input line 1380.



[20]

[21]
<exp/randkcnf_5_500_500_0001.uniform.pdf, id=357, 295.61443pt x 203.57933pt>
File: exp/randkcnf_5_500_500_0001.uniform.pdf Graphic file (type pdf)
<use exp/randkcnf_5_500_500_0001.uniform.pdf>
Package pdftex.def Info: exp/randkcnf_5_500_500_0001.uniform.pdf  used on input line 1490.
(pdftex.def)             Requested size: 123.94057pt x 85.35362pt.
<exp/randkcnf_5_700_700_0001.uniform.pdf, id=358, 295.61443pt x 203.57933pt>
File: exp/randkcnf_5_700_700_0001.uniform.pdf Graphic file (type pdf)
<use exp/randkcnf_5_700_700_0001.uniform.pdf>
Package pdftex.def Info: exp/randkcnf_5_700_700_0001.uniform.pdf  used on input line 1491.
(pdftex.def)             Requested size: 123.94057pt x 85.35362pt.
<exp/randkcnf_5_1000_1000_0001.uniform.pdf, id=359, 295.61443pt x 203.57933pt>
File: exp/randkcnf_5_1000_1000_0001.uniform.pdf Graphic file (type pdf)
<use exp/randkcnf_5_1000_1000_0001.uniform.pdf>
Package pdftex.def Info: exp/randkcnf_5_1000_1000_0001.uniform.pdf  used on input line 1492.
(pdftex.def)             Requested size: 123.94057pt x 85.35362pt.
<exp/randkcnf_5_1500_1500_0001.uniform.pdf, id=360, 295.61443pt x 203.57933pt>
File: exp/randkcnf_5_1500_1500_0001.uniform.pdf Graphic file (type pdf)
<use exp/randkcnf_5_1500_1500_0001.uniform.pdf>
Package pdftex.def Info: exp/randkcnf_5_1500_1500_0001.uniform.pdf  used on input line 1493.
(pdftex.def)             Requested size: 123.94057pt x 85.35362pt.
<exp/randkcnf_5_500_500_0001.weighted.pdf, id=361, 295.61443pt x 203.00784pt>
File: exp/randkcnf_5_500_500_0001.weighted.pdf Graphic file (type pdf)
<use exp/randkcnf_5_500_500_0001.weighted.pdf>
Package pdftex.def Info: exp/randkcnf_5_500_500_0001.weighted.pdf  used on input line 1497.
(pdftex.def)             Requested size: 123.94057pt x 85.11401pt.
<exp/randkcnf_5_700_700_0001.weighted.pdf, id=362, 295.61443pt x 203.57933pt>
File: exp/randkcnf_5_700_700_0001.weighted.pdf Graphic file (type pdf)
<use exp/randkcnf_5_700_700_0001.weighted.pdf>
Package pdftex.def Info: exp/randkcnf_5_700_700_0001.weighted.pdf  used on input line 1498.
(pdftex.def)             Requested size: 123.94057pt x 85.35362pt.
<exp/randkcnf_5_1000_1000_0001.weighted.pdf, id=363, 295.61443pt x 203.57933pt>
File: exp/randkcnf_5_1000_1000_0001.weighted.pdf Graphic file (type pdf)
<use exp/randkcnf_5_1000_1000_0001.weighted.pdf>
Package pdftex.def Info: exp/randkcnf_5_1000_1000_0001.weighted.pdf  used on input line 1499.
(pdftex.def)             Requested size: 123.94057pt x 85.35362pt.
<exp/randkcnf_5_1500_1500_0001.weighted.pdf, id=364, 295.61443pt x 203.57933pt>
File: exp/randkcnf_5_1500_1500_0001.weighted.pdf Graphic file (type pdf)
<use exp/randkcnf_5_1500_1500_0001.weighted.pdf>
Package pdftex.def Info: exp/randkcnf_5_1500_1500_0001.weighted.pdf  used on input line 1500.
(pdftex.def)             Requested size: 123.94057pt x 85.35362pt.


[22]

[23 <./exp/randkcnf_5_500_500_0001.uniform.pdf> <./exp/randkcnf_5_700_700_0001.uniform.pdf> <./exp/randkcnf_5_1000_1000_0001.uniform.pdf> <./exp/randkcnf_5_1500_1500_0001.uniform.pdf> <./exp/randkcnf_5_500_500_0001.weighted.pdf> <./exp/randkcnf_5_700_700_0001.weighted.pdf> <./exp/randkcnf_5_1000_1000_0001.weighted.pdf> <./exp/randkcnf_5_1500_1500_0001.weighted.pdf>] (MRF.aux)
 ***********
LaTeX2e <2024-06-01> patch level 1
L3 programming layer <2024-05-27>
 ***********
 ) 
Here is how much of TeX's memory you used:
 24693 strings out of 473919
 515475 string characters out of 5726953
 2059908 words of memory out of 5000000
 47175 multiletter control sequences out of 15000+600000
 602092 words of font info for 134 fonts, out of 8000000 for 9000
 1141 hyphenation exceptions out of 8191
 81i,19n,93p,1137b,1170s stack positions out of 10000i,1000n,20000p,200000b,200000s
<C:/Users/nunic/AppData/Local/Programs/MiKTeX/fonts/type1/public/amsfonts/cm/cmbx10.pfb><C:/Users/nunic/AppData/Local/Programs/MiKTeX/fonts/type1/public/amsfonts/cm/cmbx9.pfb><C:/Users/nunic/AppData/Local/Programs/MiKTeX/fonts/type1/public/amsfonts/cm/cmex10.pfb><C:/Users/nunic/AppData/Local/Programs/MiKTeX/fonts/type1/public/amsfonts/cmextra/cmex7.pfb><C:/Users/nunic/AppData/Local/Programs/MiKTeX/fonts/type1/public/amsfonts/cmextra/cmex9.pfb><C:/Users/nunic/AppData/Local/Programs/MiKTeX/fonts/type1/public/amsfonts/cm/cmmi10.pfb><C:/Users/nunic/AppData/Local/Programs/MiKTeX/fonts/type1/public/amsfonts/cm/cmmi12.pfb><C:/Users/nunic/AppData/Local/Programs/MiKTeX/fonts/type1/public/amsfonts/cm/cmmi5.pfb><C:/Users/nunic/AppData/Local/Programs/MiKTeX/fonts/type1/public/amsfonts/cm/cmmi6.pfb><C:/Users/nunic/AppData/Local/Programs/MiKTeX/fonts/type1/public/amsfonts/cm/cmmi7.pfb><C:/Users/nunic/AppData/Local/Programs/MiKTeX/fonts/type1/public/amsfonts/cm/cmmi9.pfb><C:/Users/nunic/AppData/Local/Programs/MiKTeX/fonts/type1/public/amsfonts/cm/cmr10.pfb><C:/Users/nunic/AppData/Local/Programs/MiKTeX/fonts/type1/public/amsfonts/cm/cmr12.pfb><C:/Users/nunic/AppData/Local/Programs/MiKTeX/fonts/type1/public/amsfonts/cm/cmr5.pfb><C:/Users/nunic/AppData/Local/Programs/MiKTeX/fonts/type1/public/amsfonts/cm/cmr6.pfb><C:/Users/nunic/AppData/Local/Programs/MiKTeX/fonts/type1/public/amsfonts/cm/cmr7.pfb><C:/Users/nunic/AppData/Local/Programs/MiKTeX/fonts/type1/public/amsfonts/cm/cmr8.pfb><C:/Users/nunic/AppData/Local/Programs/MiKTeX/fonts/type1/public/amsfonts/cm/cmr9.pfb><C:/Users/nunic/AppData/Local/Programs/MiKTeX/fonts/type1/public/amsfonts/cm/cmsy10.pfb><C:/Users/nunic/AppData/Local/Programs/MiKTeX/fonts/type1/public/amsfonts/cm/cmsy5.pfb><C:/Users/nunic/AppData/Local/Programs/MiKTeX/fonts/type1/public/amsfonts/cm/cmsy6.pfb><C:/Users/nunic/AppData/Local/Programs/MiKTeX/fonts/type1/public/amsfonts/cm/cmsy7.pfb><C:/Users/nunic/AppData/Local/Programs/MiKTeX/fonts/type1/public/amsfonts/cm/cmsy8.pfb><C:/Users/nunic/AppData/Local/Programs/MiKTeX/fonts/type1/public/amsfonts/cm/cmsy9.pfb><C:/Users/nunic/AppData/Local/Programs/MiKTeX/fonts/type1/public/amsfonts/cm/cmti7.pfb><C:/Users/nunic/AppData/Local/Programs/MiKTeX/fonts/type1/public/amsfonts/cm/cmtt10.pfb><C:/Users/nunic/AppData/Local/Programs/MiKTeX/fonts/type1/public/amsfonts/cm/cmtt8.pfb><C:/Users/nunic/AppData/Local/Programs/MiKTeX/fonts/type1/public/amsfonts/cm/cmtt9.pfb><C:/Users/nunic/AppData/Local/Programs/MiKTeX/fonts/type1/public/amsfonts/symbols/msam10.pfb><C:/Users/nunic/AppData/Local/Programs/MiKTeX/fonts/type1/public/amsfonts/symbols/msbm10.pfb><C:/Users/nunic/AppData/Local/Programs/MiKTeX/fonts/type1/urw/times/utmb8a.pfb><C:/Users/nunic/AppData/Local/Programs/MiKTeX/fonts/type1/urw/times/utmr8a.pfb><C:/Users/nunic/AppData/Local/Programs/MiKTeX/fonts/type1/urw/times/utmri8a.pfb>
Output written on MRF.pdf (23 pages, 1232862 bytes).
PDF statistics:
 770 PDF objects out of 1000 (max. 8388607)
 0 named destinations out of 1000 (max. 500000)
 93 words of extra memory for PDF output out of 10000 (max. 10000000)

